2025-11-30 01:10:20 - __main__ - INFO - Starting server on 0.0.0.0:8001
python : INFO:     Started server process [5424]
At line:1 char:75
+ ... wnloads\interviewverse_frontend\backend"; 
python main.py 2>&1 | Tee-O ...
+                                               
~~~~~~~~~~~~~~~~~~~
    + CategoryInfo          : NotSpecified: (INF 
   O:     Started server process [5424]:String)  
   [], RemoteException
    + FullyQualifiedErrorId : NativeCommandError
 
INFO:     Waiting for application startup.
2025-11-30 01:10:20 - __main__ - INFO - ============================================================
2025-11-30 01:10:20 - __main__ - INFO - [START] INTERVIEW AI BACKEND STARTING
2025-11-30 01:10:20 - __main__ - INFO - ============================================================
2025-11-30 01:10:20 - __main__ - INFO - Server: 0.0.0.0:8001
2025-11-30 01:10:20 - __main__ - INFO - Model: gpt-4-turbo
2025-11-30 01:10:20 - __main__ - INFO - Voice: alloy
2025-11-30 01:10:24 - __main__ - INFO - [OK] TTS service is working correctly
INFO:     Application startup complete.
INFO:     Uvicorn running on http://0.0.0.0:8001 
(Press CTRL+C to quit)
