============================================================
[TEST] INTERVIEW AUDIO TEST
============================================================

[STEP 1] Getting ephemeral token from backend...
python : Traceback (most recent call last):
At line:1 char:64
+ ... rontend\backend'; python test_audio.py > test_output.txt 2>&1; Get-Co ...
+                       ~~~~~~~~~~~~~~~~~~~~~~~~~~~~~~~~~~~~~~~~~~~
    + CategoryInfo          : NotSpecified: (Traceback (most recent call last): 
   :String) [], RemoteException
    + FullyQualifiedErrorId : NativeCommandError
 
  File "C:\Users\omt91\AppData\Local\Packages\PythonSoftwareFoundation.Python.3.
11_qbz5n2kfra8p0\LocalCache\local-packages\Python311\site-packages\httpx\_transp
orts\default.py", line 101, in map_httpcore_exceptions
    yield
  File "C:\Users\omt91\AppData\Local\Packages\PythonSoftwareFoundation.Python.3.
11_qbz5n2kfra8p0\LocalCache\local-packages\Python311\site-packages\httpx\_transp
orts\default.py", line 394, in handle_async_request
    resp = await self._pool.handle_async_request(req)
           ^^^^^^^^^^^^^^^^^^^^^^^^^^^^^^^^^^^^^^^^^^
  File "C:\Users\omt91\AppData\Local\Packages\PythonSoftwareFoundation.Python.3.
11_qbz5n2kfra8p0\LocalCache\local-packages\Python311\site-packages\httpcore\_asy
nc\connection_pool.py", line 256, in handle_async_request
    raise exc from None
  File "C:\Users\omt91\AppData\Local\Packages\PythonSoftwareFoundation.Python.3.
11_qbz5n2kfra8p0\LocalCache\local-packages\Python311\site-packages\httpcore\_asy
nc\connection_pool.py", line 236, in handle_async_request
    response = await connection.handle_async_request(
               ^^^^^^^^^^^^^^^^^^^^^^^^^^^^^^^^^^^^^^
  File "C:\Users\omt91\AppData\Local\Packages\PythonSoftwareFoundation.Python.3.
11_qbz5n2kfra8p0\LocalCache\local-packages\Python311\site-packages\httpcore\_asy
nc\connection.py", line 101, in handle_async_request
    raise exc
  File "C:\Users\omt91\AppData\Local\Packages\PythonSoftwareFoundation.Python.3.
11_qbz5n2kfra8p0\LocalCache\local-packages\Python311\site-packages\httpcore\_asy
nc\connection.py", line 78, in handle_async_request
    stream = await self._connect(request)
             ^^^^^^^^^^^^^^^^^^^^^^^^^^^^
  File "C:\Users\omt91\AppData\Local\Packages\PythonSoftwareFoundation.Python.3.
11_qbz5n2kfra8p0\LocalCache\local-packages\Python311\site-packages\httpcore\_asy
nc\connection.py", line 124, in _connect
    stream = await self._network_backend.connect_tcp(**kwargs)
             ^^^^^^^^^^^^^^^^^^^^^^^^^^^^^^^^^^^^^^^^^^^^^^^^^
  File "C:\Users\omt91\AppData\Local\Packages\PythonSoftwareFoundation.Python.3.
11_qbz5n2kfra8p0\LocalCache\local-packages\Python311\site-packages\httpcore\_bac
kends\auto.py", line 31, in connect_tcp
    return await self._backend.connect_tcp(
           ^^^^^^^^^^^^^^^^^^^^^^^^^^^^^^^^
  File "C:\Users\omt91\AppData\Local\Packages\PythonSoftwareFoundation.Python.3.
11_qbz5n2kfra8p0\LocalCache\local-packages\Python311\site-packages\httpcore\_bac
kends\anyio.py", line 113, in connect_tcp
    with map_exceptions(exc_map):
  File "C:\Program Files\WindowsApps\PythonSoftwareFoundation.Python.3.11_3.11.2
544.0_x64__qbz5n2kfra8p0\Lib\contextlib.py", line 158, in __exit__
    self.gen.throw(typ, value, traceback)
  File "C:\Users\omt91\AppData\Local\Packages\PythonSoftwareFoundation.Python.3.
11_qbz5n2kfra8p0\LocalCache\local-packages\Python311\site-packages\httpcore\_exc
eptions.py", line 14, in map_exceptions
    raise to_exc(exc) from exc
httpcore.ConnectError: All connection attempts failed

The above exception was the direct cause of the following exception:

Traceback (most recent call last):
  File 
"C:\Users\omt91\Downloads\interviewverse_frontend\backend\test_audio.py", line 
197, in <module>
    asyncio.run(test_interview())
  File "C:\Program Files\WindowsApps\PythonSoftwareFoundation.Python.3.11_3.11.2
544.0_x64__qbz5n2kfra8p0\Lib\asyncio\runners.py", line 190, in run
    return runner.run(main)
           ^^^^^^^^^^^^^^^^
  File "C:\Program Files\WindowsApps\PythonSoftwareFoundation.Python.3.11_3.11.2
544.0_x64__qbz5n2kfra8p0\Lib\asyncio\runners.py", line 118, in run
    return self._loop.run_until_complete(task)
           ^^^^^^^^^^^^^^^^^^^^^^^^^^^^^^^^^^^
  File "C:\Program Files\WindowsApps\PythonSoftwareFoundation.Python.3.11_3.11.2
544.0_x64__qbz5n2kfra8p0\Lib\asyncio\base_events.py", line 654, in 
run_until_complete
    return future.result()
           ^^^^^^^^^^^^^^^
  File 
"C:\Users\omt91\Downloads\interviewverse_frontend\backend\test_audio.py", line 
34, in test_interview
    response = await 
client.get('http://localhost:8001/api/openai-realtime/ephemeral-token')
               
^^^^^^^^^^^^^^^^^^^^^^^^^^^^^^^^^^^^^^^^^^^^^^^^^^^^^^^^^^^^^^^^^^^^^^^^^^^^^
  File "C:\Users\omt91\AppData\Local\Packages\PythonSoftwareFoundation.Python.3.
11_qbz5n2kfra8p0\LocalCache\local-packages\Python311\site-packages\httpx\_client
.py", line 1768, in get
    return await self.request(
           ^^^^^^^^^^^^^^^^^^^
  File "C:\Users\omt91\AppData\Local\Packages\PythonSoftwareFoundation.Python.3.
11_qbz5n2kfra8p0\LocalCache\local-packages\Python311\site-packages\httpx\_client
.py", line 1540, in request
    return await self.send(request, auth=auth, 
follow_redirects=follow_redirects)
           
^^^^^^^^^^^^^^^^^^^^^^^^^^^^^^^^^^^^^^^^^^^^^^^^^^^^^^^^^^^^^^^^^^^^^^
  File "C:\Users\omt91\AppData\Local\Packages\PythonSoftwareFoundation.Python.3.
11_qbz5n2kfra8p0\LocalCache\local-packages\Python311\site-packages\httpx\_client
.py", line 1629, in send
    response = await self._send_handling_auth(
               ^^^^^^^^^^^^^^^^^^^^^^^^^^^^^^^
  File "C:\Users\omt91\AppData\Local\Packages\PythonSoftwareFoundation.Python.3.
11_qbz5n2kfra8p0\LocalCache\local-packages\Python311\site-packages\httpx\_client
.py", line 1657, in _send_handling_auth
    response = await self._send_handling_redirects(
               ^^^^^^^^^^^^^^^^^^^^^^^^^^^^^^^^^^^^
  File "C:\Users\omt91\AppData\Local\Packages\PythonSoftwareFoundation.Python.3.
11_qbz5n2kfra8p0\LocalCache\local-packages\Python311\site-packages\httpx\_client
.py", line 1694, in _send_handling_redirects
    response = await self._send_single_request(request)
               ^^^^^^^^^^^^^^^^^^^^^^^^^^^^^^^^^^^^^^^^
  File "C:\Users\omt91\AppData\Local\Packages\PythonSoftwareFoundation.Python.3.
11_qbz5n2kfra8p0\LocalCache\local-packages\Python311\site-packages\httpx\_client
.py", line 1730, in _send_single_request
    response = await transport.handle_async_request(request)
               ^^^^^^^^^^^^^^^^^^^^^^^^^^^^^^^^^^^^^^^^^^^^^
  File "C:\Users\omt91\AppData\Local\Packages\PythonSoftwareFoundation.Python.3.
11_qbz5n2kfra8p0\LocalCache\local-packages\Python311\site-packages\httpx\_transp
orts\default.py", line 393, in handle_async_request
    with map_httpcore_exceptions():
  File "C:\Program Files\WindowsApps\PythonSoftwareFoundation.Python.3.11_3.11.2
544.0_x64__qbz5n2kfra8p0\Lib\contextlib.py", line 158, in __exit__
    self.gen.throw(typ, value, traceback)
  File "C:\Users\omt91\AppData\Local\Packages\PythonSoftwareFoundation.Python.3.
11_qbz5n2kfra8p0\LocalCache\local-packages\Python311\site-packages\httpx\_transp
orts\default.py", line 118, in map_httpcore_exceptions
    raise mapped_exc(message) from exc
httpx.ConnectError: All connection attempts failed
